Archive member included to satisfy reference by file (symbol)

c:/program files/microchip/xc8/v2.36/avr/bin/../lib/gcc/avr/5.4.0/avr5/memx-const\libgcc.a(_copy_data.o)
                              App/app.o (__do_copy_data)
c:/program files/microchip/xc8/v2.36/avr/bin/../lib/gcc/avr/5.4.0/../../../../avr/lib/avr5/memx-const\libc.a(exit.o)
                              C:/Program Files (x86)/Atmel/Studio/7.0/Packs/atmel/ATmega_DFP/1.7.374/xc8/avr/lib/avr5/memx-const/crtatmega32.o (exit)
c:/program files/microchip/xc8/v2.36/avr/bin/../lib/gcc/avr/5.4.0/../../../../avr/lib/avr5/memx-const\libc.a(_Exit.o)
                              c:/program files/microchip/xc8/v2.36/avr/bin/../lib/gcc/avr/5.4.0/../../../../avr/lib/avr5/memx-const\libc.a(exit.o) (_Exit)
c:/program files/microchip/xc8/v2.36/avr/bin/../lib/gcc/avr/5.4.0/avr5/memx-const\libgcc.a(_exit.o)
                              c:/program files/microchip/xc8/v2.36/avr/bin/../lib/gcc/avr/5.4.0/../../../../avr/lib/avr5/memx-const\libc.a(_Exit.o) (_exit)

Discarded input sections

 .data          0x0000000000000000        0x0 C:/Program Files (x86)/Atmel/Studio/7.0/Packs/atmel/ATmega_DFP/1.7.374/xc8/avr/lib/avr5/memx-const/crtatmega32.o
 .bss           0x0000000000000000        0x0 C:/Program Files (x86)/Atmel/Studio/7.0/Packs/atmel/ATmega_DFP/1.7.374/xc8/avr/lib/avr5/memx-const/crtatmega32.o
 .text          0x0000000000000000        0x0 App/app.o
 .data          0x0000000000000000        0x0 App/app.o
 .bss           0x0000000000000000        0x0 App/app.o
 .text          0x0000000000000000        0x0 ECUAL/Button Driver/button.o
 .data          0x0000000000000000        0x0 ECUAL/Button Driver/button.o
 .bss           0x0000000000000000        0x0 ECUAL/Button Driver/button.o
 .text.Button_read
                0x0000000000000000       0x20 ECUAL/Button Driver/button.o
 .text          0x0000000000000000        0x0 ECUAL/LED Driver/led.o
 .data          0x0000000000000000        0x0 ECUAL/LED Driver/led.o
 .bss           0x0000000000000000        0x0 ECUAL/LED Driver/led.o
 .text.LED_blink
                0x0000000000000000       0x34 ECUAL/LED Driver/led.o
 .text          0x0000000000000000        0x0 MCAL/DIO Driver/dio.o
 .data          0x0000000000000000        0x0 MCAL/DIO Driver/dio.o
 .bss           0x0000000000000000        0x0 MCAL/DIO Driver/dio.o
 .text          0x0000000000000000        0x0 MCAL/Interrupt Driver/interrupt.o
 .data          0x0000000000000000        0x0 MCAL/Interrupt Driver/interrupt.o
 .bss           0x0000000000000000        0x0 MCAL/Interrupt Driver/interrupt.o
 .text          0x0000000000000000        0x0 MCAL/Timer Driver/timer.o
 .data          0x0000000000000000        0x0 MCAL/Timer Driver/timer.o
 .bss           0x0000000000000000        0x0 MCAL/Timer Driver/timer.o
 .text          0x0000000000000000        0x0 main.o
 .data          0x0000000000000000        0x0 main.o
 .bss           0x0000000000000000        0x0 main.o
 .text          0x0000000000000000        0x0 c:/program files/microchip/xc8/v2.36/avr/bin/../lib/gcc/avr/5.4.0/avr5/memx-const\libgcc.a(_copy_data.o)
 .data          0x0000000000000000        0x0 c:/program files/microchip/xc8/v2.36/avr/bin/../lib/gcc/avr/5.4.0/avr5/memx-const\libgcc.a(_copy_data.o)
 .bss           0x0000000000000000        0x0 c:/program files/microchip/xc8/v2.36/avr/bin/../lib/gcc/avr/5.4.0/avr5/memx-const\libgcc.a(_copy_data.o)
 .text.libgcc.mul
                0x0000000000000000        0x0 c:/program files/microchip/xc8/v2.36/avr/bin/../lib/gcc/avr/5.4.0/avr5/memx-const\libgcc.a(_copy_data.o)
 .text.libgcc.div
                0x0000000000000000        0x0 c:/program files/microchip/xc8/v2.36/avr/bin/../lib/gcc/avr/5.4.0/avr5/memx-const\libgcc.a(_copy_data.o)
 .text.libgcc   0x0000000000000000        0x0 c:/program files/microchip/xc8/v2.36/avr/bin/../lib/gcc/avr/5.4.0/avr5/memx-const\libgcc.a(_copy_data.o)
 .text.libgcc.prologue
                0x0000000000000000        0x0 c:/program files/microchip/xc8/v2.36/avr/bin/../lib/gcc/avr/5.4.0/avr5/memx-const\libgcc.a(_copy_data.o)
 .text.libgcc.builtins
                0x0000000000000000        0x0 c:/program files/microchip/xc8/v2.36/avr/bin/../lib/gcc/avr/5.4.0/avr5/memx-const\libgcc.a(_copy_data.o)
 .text.libgcc.fmul
                0x0000000000000000        0x0 c:/program files/microchip/xc8/v2.36/avr/bin/../lib/gcc/avr/5.4.0/avr5/memx-const\libgcc.a(_copy_data.o)
 .text.libgcc.fixed
                0x0000000000000000        0x0 c:/program files/microchip/xc8/v2.36/avr/bin/../lib/gcc/avr/5.4.0/avr5/memx-const\libgcc.a(_copy_data.o)
 .text          0x0000000000000000        0x0 c:/program files/microchip/xc8/v2.36/avr/bin/../lib/gcc/avr/5.4.0/../../../../avr/lib/avr5/memx-const\libc.a(exit.o)
 .data          0x0000000000000000        0x0 c:/program files/microchip/xc8/v2.36/avr/bin/../lib/gcc/avr/5.4.0/../../../../avr/lib/avr5/memx-const\libc.a(exit.o)
 .bss           0x0000000000000000        0x0 c:/program files/microchip/xc8/v2.36/avr/bin/../lib/gcc/avr/5.4.0/../../../../avr/lib/avr5/memx-const\libc.a(exit.o)
 .text          0x0000000000000000        0x0 c:/program files/microchip/xc8/v2.36/avr/bin/../lib/gcc/avr/5.4.0/../../../../avr/lib/avr5/memx-const\libc.a(_Exit.o)
 .data          0x0000000000000000        0x0 c:/program files/microchip/xc8/v2.36/avr/bin/../lib/gcc/avr/5.4.0/../../../../avr/lib/avr5/memx-const\libc.a(_Exit.o)
 .bss           0x0000000000000000        0x0 c:/program files/microchip/xc8/v2.36/avr/bin/../lib/gcc/avr/5.4.0/../../../../avr/lib/avr5/memx-const\libc.a(_Exit.o)
 .text          0x0000000000000000        0x0 c:/program files/microchip/xc8/v2.36/avr/bin/../lib/gcc/avr/5.4.0/avr5/memx-const\libgcc.a(_exit.o)
 .data          0x0000000000000000        0x0 c:/program files/microchip/xc8/v2.36/avr/bin/../lib/gcc/avr/5.4.0/avr5/memx-const\libgcc.a(_exit.o)
 .bss           0x0000000000000000        0x0 c:/program files/microchip/xc8/v2.36/avr/bin/../lib/gcc/avr/5.4.0/avr5/memx-const\libgcc.a(_exit.o)
 .text.libgcc.mul
                0x0000000000000000        0x0 c:/program files/microchip/xc8/v2.36/avr/bin/../lib/gcc/avr/5.4.0/avr5/memx-const\libgcc.a(_exit.o)
 .text.libgcc.div
                0x0000000000000000        0x0 c:/program files/microchip/xc8/v2.36/avr/bin/../lib/gcc/avr/5.4.0/avr5/memx-const\libgcc.a(_exit.o)
 .text.libgcc   0x0000000000000000        0x0 c:/program files/microchip/xc8/v2.36/avr/bin/../lib/gcc/avr/5.4.0/avr5/memx-const\libgcc.a(_exit.o)
 .text.libgcc.prologue
                0x0000000000000000        0x0 c:/program files/microchip/xc8/v2.36/avr/bin/../lib/gcc/avr/5.4.0/avr5/memx-const\libgcc.a(_exit.o)
 .stack.descriptors
                0x0000000000000000       0x13 c:/program files/microchip/xc8/v2.36/avr/bin/../lib/gcc/avr/5.4.0/avr5/memx-const\libgcc.a(_exit.o)
 .text.libgcc.builtins
                0x0000000000000000        0x0 c:/program files/microchip/xc8/v2.36/avr/bin/../lib/gcc/avr/5.4.0/avr5/memx-const\libgcc.a(_exit.o)
 .text.libgcc.fmul
                0x0000000000000000        0x0 c:/program files/microchip/xc8/v2.36/avr/bin/../lib/gcc/avr/5.4.0/avr5/memx-const\libgcc.a(_exit.o)
 .text.libgcc.fixed
                0x0000000000000000        0x0 c:/program files/microchip/xc8/v2.36/avr/bin/../lib/gcc/avr/5.4.0/avr5/memx-const\libgcc.a(_exit.o)

Memory Configuration

Name             Origin             Length             Attributes
text             0x0000000000000000 0x0000000000008000 xr
data             0x0000000000800060 0x0000000000000800 rw !x
eeprom           0x0000000000810000 0x0000000000000400 rw !x
fuse             0x0000000000820000 0x0000000000000002 rw !x
lock             0x0000000000830000 0x0000000000000400 rw !x
signature        0x0000000000840000 0x0000000000000400 rw !x
user_signatures  0x0000000000850000 0x0000000000000400 rw !x
*default*        0x0000000000000000 0xffffffffffffffff

Linker script and memory map

LOAD C:/Program Files (x86)/Atmel/Studio/7.0/Packs/atmel/ATmega_DFP/1.7.374/xc8/avr/lib/avr5/memx-const/crtatmega32.o
LOAD App/app.o
LOAD ECUAL/Button Driver/button.o
LOAD ECUAL/LED Driver/led.o
LOAD MCAL/DIO Driver/dio.o
LOAD MCAL/Interrupt Driver/interrupt.o
LOAD MCAL/Timer Driver/timer.o
LOAD main.o
START GROUP
LOAD c:/program files/microchip/xc8/v2.36/avr/bin/../lib/gcc/avr/5.4.0/../../../../avr/lib/avr5/memx-const\libm.a
END GROUP
START GROUP
LOAD c:/program files/microchip/xc8/v2.36/avr/bin/../lib/gcc/avr/5.4.0/avr5/memx-const\libgcc.a
LOAD c:/program files/microchip/xc8/v2.36/avr/bin/../lib/gcc/avr/5.4.0/../../../../avr/lib/avr5/memx-const\libm.a
LOAD c:/program files/microchip/xc8/v2.36/avr/bin/../lib/gcc/avr/5.4.0/../../../../avr/lib/avr5/memx-const\libc.a
LOAD C:/Program Files (x86)/Atmel/Studio/7.0/Packs/atmel/ATmega_DFP/1.7.374/xc8/avr/lib/avr5/memx-const\libatmega32.a
END GROUP
                0x0000000000000000                __TEXT_REGION_ORIGIN__ = DEFINED (__TEXT_REGION_ORIGIN__)?__TEXT_REGION_ORIGIN__:0x0
                [0x0000000000800060]                __DATA_REGION_ORIGIN__ = DEFINED (__DATA_REGION_ORIGIN__)?__DATA_REGION_ORIGIN__:0x800060
                [0x0000000000008000]                __TEXT_REGION_LENGTH__ = DEFINED (__TEXT_REGION_LENGTH__)?__TEXT_REGION_LENGTH__:0x20000
                [0x0000000000000800]                __DATA_REGION_LENGTH__ = DEFINED (__DATA_REGION_LENGTH__)?__DATA_REGION_LENGTH__:0xffa0
                [0x0000000000000400]                __EEPROM_REGION_LENGTH__ = DEFINED (__EEPROM_REGION_LENGTH__)?__EEPROM_REGION_LENGTH__:0x10000
                [0x0000000000000002]                __FUSE_REGION_LENGTH__ = DEFINED (__FUSE_REGION_LENGTH__)?__FUSE_REGION_LENGTH__:0x400
                0x0000000000000400                __LOCK_REGION_LENGTH__ = DEFINED (__LOCK_REGION_LENGTH__)?__LOCK_REGION_LENGTH__:0x400
                0x0000000000000400                __SIGNATURE_REGION_LENGTH__ = DEFINED (__SIGNATURE_REGION_LENGTH__)?__SIGNATURE_REGION_LENGTH__:0x400
                0x0000000000000400                __USER_SIGNATURE_REGION_LENGTH__ = DEFINED (__USER_SIGNATURE_REGION_LENGTH__)?__USER_SIGNATURE_REGION_LENGTH__:0x400

.hash
 *(.hash)

.dynsym
 *(.dynsym)

.dynstr
 *(.dynstr)

.gnu.version
 *(.gnu.version)

.gnu.version_d
 *(.gnu.version_d)

.gnu.version_r
 *(.gnu.version_r)

.rel.init
 *(.rel.init)

.rela.init
 *(.rela.init)

.rel.text
 *(.rel.text)
 *(.rel.text.*)
 *(.rel.gnu.linkonce.t*)

.rela.text
 *(.rela.text)
 *(.rela.text.*)
 *(.rela.gnu.linkonce.t*)

.rel.fini
 *(.rel.fini)

.rela.fini
 *(.rela.fini)

.rel.rodata
 *(.rel.rodata)
 *(.rel.rodata.*)
 *(.rel.gnu.linkonce.r*)

.rela.rodata
 *(.rela.rodata)
 *(.rela.rodata.*)
 *(.rela.gnu.linkonce.r*)

.rel.data
 *(.rel.data)
 *(.rel.data.*)
 *(.rel.gnu.linkonce.d*)

.rela.data
 *(.rela.data)
 *(.rela.data.*)
 *(.rela.gnu.linkonce.d*)

.rel.ctors
 *(.rel.ctors)

.rela.ctors
 *(.rela.ctors)

.rel.dtors
 *(.rel.dtors)

.rela.dtors
 *(.rela.dtors)

.rel.got
 *(.rel.got)

.rela.got
 *(.rela.got)

.rel.bss
 *(.rel.bss)

.rela.bss
 *(.rela.bss)

.rel.plt
 *(.rel.plt)

.rela.plt
 *(.rela.plt)

.text           0x0000000000000000       0xb4
 *(.vectors)
 .vectors       0x0000000000000000       0x54 C:/Program Files (x86)/Atmel/Studio/7.0/Packs/atmel/ATmega_DFP/1.7.374/xc8/avr/lib/avr5/memx-const/crtatmega32.o
                0x0000000000000000                __vector_default
                0x0000000000000000                __vectors
 *(.vectors)
 *(.progmem.gcc*)
 *(.dinit)
 .dinit         0x0000000000000054        0xc data_init
                0x0000000000000060                . = ALIGN (0x2)
 *fill*         0x0000000000000060        0x0 
                0x0000000000000060                __trampolines_start = .
 *(.trampolines)
 .trampolines   0x0000000000000060        0x0 linker stubs
 *(.trampolines*)
                0x0000000000000060                __trampolines_end = .
 *libprintf_flt.a:*(.progmem.data)
 *libc.a:*(.progmem.data)
                0x0000000000000060                . = ALIGN (0x2)
 *(.jumptables)
 *(.jumptables*)
 *(.lowtext)
 *(.lowtext*)
                0x0000000000000060                __ctors_start = .
 *(.ctors)
                0x0000000000000060                __ctors_end = .
                0x0000000000000060                __dtors_start = .
 *(.dtors)
                0x0000000000000060                __dtors_end = .
 SORT(*)(.ctors)
 SORT(*)(.dtors)
 *(.init0)
 .init0         0x0000000000000060        0x0 C:/Program Files (x86)/Atmel/Studio/7.0/Packs/atmel/ATmega_DFP/1.7.374/xc8/avr/lib/avr5/memx-const/crtatmega32.o
                0x0000000000000060                __init
 *(.init0)
 *(.init1)
 *(.init1)
 *(.init2)
 .init2         0x0000000000000060        0xc C:/Program Files (x86)/Atmel/Studio/7.0/Packs/atmel/ATmega_DFP/1.7.374/xc8/avr/lib/avr5/memx-const/crtatmega32.o
 *(.init2)
 *(.init3)
 *(.init3)
 *(.init4)
 .init4         0x000000000000006c       0x3c c:/program files/microchip/xc8/v2.36/avr/bin/../lib/gcc/avr/5.4.0/avr5/memx-const\libgcc.a(_copy_data.o)
                0x000000000000006c                __do_copy_data
                0x000000000000009a                __do_clear_bss
 *(.init4)
 *(.init5)
 *(.init5)
 *(.init6)
 *(.init6)
 *(.init7)
 *(.init7)
 *(.init8)
 *(.init8)
 *(.init9)
 .init9         0x00000000000000a8        0x8 C:/Program Files (x86)/Atmel/Studio/7.0/Packs/atmel/ATmega_DFP/1.7.374/xc8/avr/lib/avr5/memx-const/crtatmega32.o
 *(.init9)
                0x00000000000000b0                . = ALIGN (0x2)
 *(.fini9)
 .fini9         0x00000000000000b0        0x0 c:/program files/microchip/xc8/v2.36/avr/bin/../lib/gcc/avr/5.4.0/avr5/memx-const\libgcc.a(_exit.o)
                0x00000000000000b0                _exit
 *(.fini9)
 *(.fini8)
 *(.fini8)
 *(.fini7)
 *(.fini7)
 *(.fini6)
 *(.fini6)
 *(.fini5)
 *(.fini5)
 *(.fini4)
 *(.fini4)
 *(.fini3)
 *(.fini3)
 *(.fini2)
 *(.fini2)
 *(.fini1)
 *(.fini1)
 *(.fini0)
 .fini0         0x00000000000000b0        0x4 c:/program files/microchip/xc8/v2.36/avr/bin/../lib/gcc/avr/5.4.0/avr5/memx-const\libgcc.a(_exit.o)
 *(.fini0)
                0x00000000000000b4                _etext = .

.data           0x0000000000800060        0x0 load address 0x00000000000000b4
                [!provide]                        PROVIDE (__data_start, .)
 *(.gnu.linkonce.d*)
 *(.gnu.linkonce.r*)
                0x0000000000800060                . = ALIGN (0x2)
                0x0000000000800060                _edata = .
                [!provide]                        PROVIDE (__data_end, .)

.bss            0x0000000000800060        0x0
                [!provide]                        PROVIDE (__bss_start, .)
 *(COMMON)
                [!provide]                        PROVIDE (__bss_end, .)
                0x00000000000000b4                __data_load_start = LOADADDR (.data)
                0x00000000000000b4                __data_load_end = (__data_load_start + SIZEOF (.data))

.noinit         0x0000000000800060        0x0
                [!provide]                        PROVIDE (__noinit_start, .)
 *(.noinit*)
                [!provide]                        PROVIDE (__noinit_end, .)
                0x0000000000800060                _end = .

.eeprom         0x0000000000810000        0x0
 *(.eeprom*)
                0x0000000000810000                __eeprom_end = .

.fuse
 *(.fuse)
 *(.lfuse)
 *(.hfuse)
 *(.efuse)

.lock
 *(.lock*)

.signature
 *(.signature*)

.user_signatures
 *(.user_signatures*)

.stab
 *(.stab)

.stabstr
 *(.stabstr)

.stab.excl
 *(.stab.excl)

.stab.exclstr
 *(.stab.exclstr)

.stab.index
 *(.stab.index)

.stab.indexstr
 *(.stab.indexstr)

.comment        0x0000000000000000       0x2f
 *(.comment)
 .comment       0x0000000000000000       0x2f App/app.o
                                         0x30 (size before relaxing)
 .comment       0x000000000000002f       0x30 ECUAL/Button Driver/button.o
 .comment       0x000000000000002f       0x30 ECUAL/LED Driver/led.o
 .comment       0x000000000000002f       0x30 MCAL/DIO Driver/dio.o
 .comment       0x000000000000002f       0x30 MCAL/Interrupt Driver/interrupt.o
 .comment       0x000000000000002f       0x30 MCAL/Timer Driver/timer.o
 .comment       0x000000000000002f       0x30 main.o
 .comment       0x000000000000002f       0x30 c:/program files/microchip/xc8/v2.36/avr/bin/../lib/gcc/avr/5.4.0/../../../../avr/lib/avr5/memx-const\libc.a(exit.o)
 .comment       0x000000000000002f       0x30 c:/program files/microchip/xc8/v2.36/avr/bin/../lib/gcc/avr/5.4.0/../../../../avr/lib/avr5/memx-const\libc.a(_Exit.o)

.note.GNU-stack
                0x0000000000000000        0x0
 .note.GNU-stack
                0x0000000000000000        0x0 c:/program files/microchip/xc8/v2.36/avr/bin/../lib/gcc/avr/5.4.0/../../../../avr/lib/avr5/memx-const\libc.a(exit.o)
 .note.GNU-stack
                0x0000000000000000        0x0 c:/program files/microchip/xc8/v2.36/avr/bin/../lib/gcc/avr/5.4.0/../../../../avr/lib/avr5/memx-const\libc.a(_Exit.o)

.stack.descriptors.hdr
                0x0000000000000000        0xe
 .stack.descriptors.hdr
                0x0000000000000000        0xe c:/program files/microchip/xc8/v2.36/avr/bin/../lib/gcc/avr/5.4.0/avr5/memx-const\libgcc.a(_exit.o)

.note.gnu.build-id
 *(.note.gnu.build-id)

.debug
 *(.debug)

.line
 *(.line)

.debug_srcinfo
 *(.debug_srcinfo)

.debug_sfnames
 *(.debug_sfnames)

.debug_aranges  0x0000000000000000      0x190
 *(.debug_aranges)
 .debug_aranges
                0x0000000000000000       0x58 App/app.o
 .debug_aranges
                0x0000000000000058       0x28 ECUAL/Button Driver/button.o
 .debug_aranges
                0x0000000000000080       0x40 ECUAL/LED Driver/led.o
 .debug_aranges
                0x00000000000000c0       0x38 MCAL/DIO Driver/dio.o
 .debug_aranges
                0x00000000000000f8       0x38 MCAL/Interrupt Driver/interrupt.o
 .debug_aranges
                0x0000000000000130       0x40 MCAL/Timer Driver/timer.o
 .debug_aranges
                0x0000000000000170       0x20 main.o

.debug_pubnames
 *(.debug_pubnames)

.debug_info     0x0000000000000000     0x2057
 *(.debug_info .gnu.linkonce.wi.*)
 .debug_info    0x0000000000000000      0x4e6 C:/Program Files (x86)/Atmel/Studio/7.0/Packs/atmel/ATmega_DFP/1.7.374/xc8/avr/lib/avr5/memx-const/crtatmega32.o
 .debug_info    0x00000000000004e6      0x854 App/app.o
 .debug_info    0x0000000000000d3a      0x306 ECUAL/Button Driver/button.o
 .debug_info    0x0000000000001040      0x507 ECUAL/LED Driver/led.o
 .debug_info    0x0000000000001547      0x344 MCAL/DIO Driver/dio.o
 .debug_info    0x000000000000188b      0x2af MCAL/Interrupt Driver/interrupt.o
 .debug_info    0x0000000000001b3a      0x311 MCAL/Timer Driver/timer.o
 .debug_info    0x0000000000001e4b      0x20c main.o

.debug_abbrev   0x0000000000000000      0xa1f
 *(.debug_abbrev)
 .debug_abbrev  0x0000000000000000      0x4a3 C:/Program Files (x86)/Atmel/Studio/7.0/Packs/atmel/ATmega_DFP/1.7.374/xc8/avr/lib/avr5/memx-const/crtatmega32.o
 .debug_abbrev  0x00000000000004a3      0x14f App/app.o
 .debug_abbrev  0x00000000000005f2       0xd4 ECUAL/Button Driver/button.o
 .debug_abbrev  0x00000000000006c6      0x111 ECUAL/LED Driver/led.o
 .debug_abbrev  0x00000000000007d7       0xa7 MCAL/DIO Driver/dio.o
 .debug_abbrev  0x000000000000087e       0x90 MCAL/Interrupt Driver/interrupt.o
 .debug_abbrev  0x000000000000090e       0xb4 MCAL/Timer Driver/timer.o
 .debug_abbrev  0x00000000000009c2       0x5d main.o

.debug_line     0x0000000000000000      0xb1f
 *(.debug_line .debug_line.* .debug_line_end)
 .debug_line    0x0000000000000000      0x119 C:/Program Files (x86)/Atmel/Studio/7.0/Packs/atmel/ATmega_DFP/1.7.374/xc8/avr/lib/avr5/memx-const/crtatmega32.o
 .debug_line    0x0000000000000119      0x3d6 App/app.o
 .debug_line    0x00000000000004ef       0xec ECUAL/Button Driver/button.o
 .debug_line    0x00000000000005db      0x170 ECUAL/LED Driver/led.o
 .debug_line    0x000000000000074b      0x171 MCAL/DIO Driver/dio.o
 .debug_line    0x00000000000008bc       0xe5 MCAL/Interrupt Driver/interrupt.o
 .debug_line    0x00000000000009a1      0x123 MCAL/Timer Driver/timer.o
 .debug_line    0x0000000000000ac4       0x5b main.o

.debug_frame    0x0000000000000000      0x2f0
 *(.debug_frame)
 .debug_frame   0x0000000000000000       0xd8 App/app.o
 .debug_frame   0x00000000000000d8       0x44 ECUAL/Button Driver/button.o
 .debug_frame   0x000000000000011c       0x98 ECUAL/LED Driver/led.o
 .debug_frame   0x00000000000001b4       0x54 MCAL/DIO Driver/dio.o
 .debug_frame   0x0000000000000208       0x54 MCAL/Interrupt Driver/interrupt.o
 .debug_frame   0x000000000000025c       0x70 MCAL/Timer Driver/timer.o
 .debug_frame   0x00000000000002cc       0x24 main.o

.debug_str      0x0000000000000000      0x2d6
 *(.debug_str)
 .debug_str     0x0000000000000000      0x196 C:/Program Files (x86)/Atmel/Studio/7.0/Packs/atmel/ATmega_DFP/1.7.374/xc8/avr/lib/avr5/memx-const/crtatmega32.o
 .debug_str     0x0000000000000196       0x82 App/app.o
 .debug_str     0x0000000000000218       0x33 ECUAL/Button Driver/button.o
 .debug_str     0x000000000000024b       0x41 ECUAL/LED Driver/led.o
 .debug_str     0x000000000000028c       0x1e MCAL/DIO Driver/dio.o
 .debug_str     0x00000000000002aa        0xf MCAL/Interrupt Driver/interrupt.o
 .debug_str     0x00000000000002b9        0xb MCAL/Timer Driver/timer.o
 .debug_str     0x00000000000002c4       0x12 main.o

.debug_loc      0x0000000000000000      0x798
 *(.debug_loc)
 .debug_loc     0x0000000000000000      0x1cb App/app.o
 .debug_loc     0x00000000000001cb       0xcc ECUAL/Button Driver/button.o
 .debug_loc     0x0000000000000297      0x305 ECUAL/LED Driver/led.o
 .debug_loc     0x000000000000059c      0x197 MCAL/DIO Driver/dio.o
 .debug_loc     0x0000000000000733       0x65 MCAL/Timer Driver/timer.o

.debug_macinfo
 *(.debug_macinfo)

.debug_weaknames
 *(.debug_weaknames)

.debug_funcnames
 *(.debug_funcnames)

.debug_typenames
 *(.debug_typenames)

.debug_varnames
 *(.debug_varnames)

.debug_pubtypes
 *(.debug_pubtypes)

.debug_ranges   0x0000000000000000      0x120
 *(.debug_ranges)
 .debug_ranges  0x0000000000000000       0x48 App/app.o
 .debug_ranges  0x0000000000000048       0x18 ECUAL/Button Driver/button.o
 .debug_ranges  0x0000000000000060       0x30 ECUAL/LED Driver/led.o
 .debug_ranges  0x0000000000000090       0x28 MCAL/DIO Driver/dio.o
 .debug_ranges  0x00000000000000b8       0x28 MCAL/Interrupt Driver/interrupt.o
 .debug_ranges  0x00000000000000e0       0x30 MCAL/Timer Driver/timer.o
 .debug_ranges  0x0000000000000110       0x10 main.o

.debug_macro
 *(.debug_macro)
OUTPUT(traffic lights.elf elf32-avr)
LOAD linker stubs
LOAD data_init

.note.gnu.avr.deviceinfo
                0x0000000000000000       0x3c
 .note.gnu.avr.deviceinfo
                0x0000000000000000       0x3c C:/Program Files (x86)/Atmel/Studio/7.0/Packs/atmel/ATmega_DFP/1.7.374/xc8/avr/lib/avr5/memx-const/crtatmega32.o

.bss.overflowCounterapp
                0x0000000000800062        0x1
 .bss.overflowCounterapp
                0x0000000000800062        0x1 App/app.o
                0x0000000000800062                overflowCounterapp

.bss.interrupted
                0x0000000000800063        0x1
 .bss.interrupted
                0x0000000000800063        0x1 App/app.o
                0x0000000000800063                interrupted

.bss.pressed    0x0000000000800064        0x1
 .bss.pressed   0x0000000000800064        0x1 App/app.o
                0x0000000000800064                pressed

.bss.overflowCounter
                0x0000000000800060        0x2
 .bss.overflowCounter
                0x0000000000800060        0x2 MCAL/Timer Driver/timer.o
                0x0000000000800060                overflowCounter

.text.DIO_init  0x00000000000000b4       0xb4
 .text.DIO_init
                0x00000000000000b4       0xb4 MCAL/DIO Driver/dio.o
                0x00000000000000b4                DIO_init

.text.ped_mode  0x0000000000000168       0xa8
 .text.ped_mode
                0x0000000000000168       0xa8 App/app.o
                0x0000000000000168                ped_mode

.text.wait_interrupt
                0x0000000000000210       0x92
 .text.wait_interrupt
                0x0000000000000210       0x92 App/app.o
                0x0000000000000210                wait_interrupt

.text.DIO_read  0x00000000000002a2       0x92
 .text.DIO_read
                0x00000000000002a2       0x92 MCAL/DIO Driver/dio.o
                0x00000000000002a2                DIO_read

.text.Normal_mode
                0x0000000000000334       0x8a
 .text.Normal_mode
                0x0000000000000334       0x8a App/app.o
                0x0000000000000334                Normal_mode

.text.DIO_write
                0x00000000000003be       0x78
 .text.DIO_write
                0x00000000000003be       0x78 MCAL/DIO Driver/dio.o
                0x00000000000003be                DIO_write

.text.timer_wait
                0x0000000000000436       0x54
 .text.timer_wait
                0x0000000000000436       0x54 MCAL/Timer Driver/timer.o
                0x0000000000000436                timer_wait

.text.LEDs_2blink
                0x000000000000048a       0x46
 .text.LEDs_2blink
                0x000000000000048a       0x46 ECUAL/LED Driver/led.o
                0x000000000000048a                LEDs_2blink

.text.App_init  0x00000000000004d0       0x42
 .text.App_init
                0x00000000000004d0       0x42 App/app.o
                0x00000000000004d0                App_init

.text.DIO_toggle
                0x0000000000000512       0x38
 .text.DIO_toggle
                0x0000000000000512       0x38 MCAL/DIO Driver/dio.o
                0x0000000000000512                DIO_toggle

.text.LED_blink_interrupt
                0x000000000000054a       0x30
 .text.LED_blink_interrupt
                0x000000000000054a       0x30 App/app.o
                0x000000000000054a                LED_blink_interrupt

.text.__vector_1
                0x000000000000057a       0x26
 .text.__vector_1
                0x000000000000057a       0x26 App/app.o
                0x000000000000057a                __vector_1

.text.exit      0x00000000000005a0       0x16
 .text.exit     0x00000000000005a0       0x16 c:/program files/microchip/xc8/v2.36/avr/bin/../lib/gcc/avr/5.4.0/../../../../avr/lib/avr5/memx-const\libc.a(exit.o)
                0x00000000000005a0                exit

.text.interrupt_init
                0x00000000000005b6       0x10
 .text.interrupt_init
                0x00000000000005b6       0x10 MCAL/Interrupt Driver/interrupt.o
                0x00000000000005b6                interrupt_init

.text.timer_reset
                0x00000000000005c6        0xe
 .text.timer_reset
                0x00000000000005c6        0xe MCAL/Timer Driver/timer.o
                0x00000000000005c6                timer_reset

.text.LED_init  0x00000000000005d4        0xa
 .text.LED_init
                0x00000000000005d4        0xa ECUAL/LED Driver/led.o
                0x00000000000005d4                LED_init

.text.LED_on    0x00000000000005de        0xa
 .text.LED_on   0x00000000000005de        0xa ECUAL/LED Driver/led.o
                0x00000000000005de                LED_on

.text.LED_off   0x00000000000005e8        0xa
 .text.LED_off  0x00000000000005e8        0xa ECUAL/LED Driver/led.o
                0x00000000000005e8                LED_off

.text.sei       0x00000000000005f2        0xa
 .text.sei      0x00000000000005f2        0xa MCAL/Interrupt Driver/interrupt.o
                0x00000000000005f2                sei

.text.ISC       0x00000000000005fc        0xa
 .text.ISC      0x00000000000005fc        0xa MCAL/Interrupt Driver/interrupt.o
                0x00000000000005fc                ISC

.text.En_Ext_INT
                0x0000000000000606        0xa
 .text.En_Ext_INT
                0x0000000000000606        0xa MCAL/Interrupt Driver/interrupt.o
                0x0000000000000606                En_Ext_INT

.text.timer_init
                0x0000000000000610        0xa
 .text.timer_init
                0x0000000000000610        0xa MCAL/Timer Driver/timer.o
                0x0000000000000610                timer_init

.text.main      0x000000000000061a        0xa
 .text.main     0x000000000000061a        0xa main.o
                0x000000000000061a                main

.text.Button_init
                0x0000000000000624        0x8
 .text.Button_init
                0x0000000000000624        0x8 ECUAL/Button Driver/button.o
                0x0000000000000624                Button_init

.text.set_prescaler
                0x000000000000062c        0x8
 .text.set_prescaler
                0x000000000000062c        0x8 MCAL/Timer Driver/timer.o
                0x000000000000062c                set_prescaler

.text.clear_interrupt
                0x0000000000000634        0x6
 .text.clear_interrupt
                0x0000000000000634        0x6 App/app.o
                0x0000000000000634                clear_interrupt

.text.appStart  0x000000000000063a        0x6
 .text.appStart
                0x000000000000063a        0x6 App/app.o
                0x000000000000063a                appStart

.text.counter_reset
                0x0000000000000640        0x6
 .text.counter_reset
                0x0000000000000640        0x6 MCAL/Timer Driver/timer.o
                0x0000000000000640                counter_reset

.text           0x0000000000000646        0x4
 .text          0x0000000000000646        0x4 C:/Program Files (x86)/Atmel/Studio/7.0/Packs/atmel/ATmega_DFP/1.7.374/xc8/avr/lib/avr5/memx-const/crtatmega32.o
                0x0000000000000646                __vector_12
                0x0000000000000646                __bad_interrupt
                0x0000000000000646                __vector_6
                0x0000000000000646                __vector_3
                0x0000000000000646                __vector_11
                0x0000000000000646                __vector_13
                0x0000000000000646                __vector_17
                0x0000000000000646                __vector_19
                0x0000000000000646                __vector_7
                0x0000000000000646                __vector_5
                0x0000000000000646                __vector_4
                0x0000000000000646                __vector_9
                0x0000000000000646                __vector_2
                0x0000000000000646                __vector_15
                0x0000000000000646                __vector_8
                0x0000000000000646                __vector_14
                0x0000000000000646                __vector_10
                0x0000000000000646                __vector_16
                0x0000000000000646                __vector_18
                0x0000000000000646                __vector_20

.text._Exit     0x000000000000064a        0x4
 .text._Exit    0x000000000000064a        0x4 c:/program files/microchip/xc8/v2.36/avr/bin/../lib/gcc/avr/5.4.0/../../../../avr/lib/avr5/memx-const\libc.a(_Exit.o)
                0x000000000000064a                _Exit

.text.__dummy_fini
                0x000000000000064e        0x2
 .text.__dummy_fini
                0x000000000000064e        0x2 c:/program files/microchip/xc8/v2.36/avr/bin/../lib/gcc/avr/5.4.0/../../../../avr/lib/avr5/memx-const\libc.a(exit.o)
                0x000000000000064e                _fini

.text.__dummy_funcs_on_exit
                0x0000000000000650        0x2
 .text.__dummy_funcs_on_exit
                0x0000000000000650        0x2 c:/program files/microchip/xc8/v2.36/avr/bin/../lib/gcc/avr/5.4.0/../../../../avr/lib/avr5/memx-const\libc.a(exit.o)
                0x0000000000000650                __funcs_on_exit

.text.__dummy_simulator_exit
                0x0000000000000652        0x2
 .text.__dummy_simulator_exit
                0x0000000000000652        0x2 c:/program files/microchip/xc8/v2.36/avr/bin/../lib/gcc/avr/5.4.0/../../../../avr/lib/avr5/memx-const\libc.a(exit.o)
                0x0000000000000652                __simulator_exit

.data.state     0x0000000000800065        0x1 load address 0x0000000000000654
 .data.state    0x0000000000800065        0x1 App/app.o
                0x0000000000800065                state
